Archive member included because of file (symbol)

c:/users/lenovo/downloads/compressed/imt_arm_course/imt_arm_course/02- tools/03- imt sdk/imt_sdk_win_64/imt_sdk_win_64/winavr/bin/../lib/gcc/avr/4.3.3/avr5\libgcc.a(_exit.o)
                              c:/users/lenovo/downloads/compressed/imt_arm_course/imt_arm_course/02- tools/03- imt sdk/imt_sdk_win_64/imt_sdk_win_64/winavr/bin/../lib/gcc/avr/4.3.3/../../../../avr/lib/avr5/crtm32.o (exit)
c:/users/lenovo/downloads/compressed/imt_arm_course/imt_arm_course/02- tools/03- imt sdk/imt_sdk_win_64/imt_sdk_win_64/winavr/bin/../lib/gcc/avr/4.3.3/avr5\libgcc.a(_clear_bss.o)
                              ./src/RTO_Program.o (__do_clear_bss)

Allocating common symbols
Common symbol       size              file

RTO_AstrTasks       0x12              ./src/RTO_Program.o

Memory Configuration

Name             Origin             Length             Attributes
text             0x00000000         0x00020000         xr
data             0x00800060         0x0000ffa0         rw !x
eeprom           0x00810000         0x00010000         rw !x
fuse             0x00820000         0x00000400         rw !x
lock             0x00830000         0x00000400         rw !x
signature        0x00840000         0x00000400         rw !x
*default*        0x00000000         0xffffffff

Linker script and memory map

LOAD c:/users/lenovo/downloads/compressed/imt_arm_course/imt_arm_course/02- tools/03- imt sdk/imt_sdk_win_64/imt_sdk_win_64/winavr/bin/../lib/gcc/avr/4.3.3/../../../../avr/lib/avr5/crtm32.o
LOAD ./src/DIO_program.o
LOAD ./src/GI_program.o
LOAD ./src/LED_program.o
LOAD ./src/RTO_Program.o
LOAD ./src/TIMER0_program.o
LOAD ./src/app.o
LOAD c:/users/lenovo/downloads/compressed/imt_arm_course/imt_arm_course/02- tools/03- imt sdk/imt_sdk_win_64/imt_sdk_win_64/winavr/bin/../lib/gcc/avr/4.3.3/avr5\libgcc.a
LOAD c:/users/lenovo/downloads/compressed/imt_arm_course/imt_arm_course/02- tools/03- imt sdk/imt_sdk_win_64/imt_sdk_win_64/winavr/bin/../lib/gcc/avr/4.3.3/../../../../avr/lib/avr5\libc.a
LOAD c:/users/lenovo/downloads/compressed/imt_arm_course/imt_arm_course/02- tools/03- imt sdk/imt_sdk_win_64/imt_sdk_win_64/winavr/bin/../lib/gcc/avr/4.3.3/avr5\libgcc.a

.hash
 *(.hash)

.dynsym
 *(.dynsym)

.dynstr
 *(.dynstr)

.gnu.version
 *(.gnu.version)

.gnu.version_d
 *(.gnu.version_d)

.gnu.version_r
 *(.gnu.version_r)

.rel.init
 *(.rel.init)

.rela.init
 *(.rela.init)

.rel.text
 *(.rel.text)
 *(.rel.text.*)
 *(.rel.gnu.linkonce.t*)

.rela.text
 *(.rela.text)
 *(.rela.text.*)
 *(.rela.gnu.linkonce.t*)

.rel.fini
 *(.rel.fini)

.rela.fini
 *(.rela.fini)

.rel.rodata
 *(.rel.rodata)
 *(.rel.rodata.*)
 *(.rel.gnu.linkonce.r*)

.rela.rodata
 *(.rela.rodata)
 *(.rela.rodata.*)
 *(.rela.gnu.linkonce.r*)

.rel.data
 *(.rel.data)
 *(.rel.data.*)
 *(.rel.gnu.linkonce.d*)

.rela.data
 *(.rela.data)
 *(.rela.data.*)
 *(.rela.gnu.linkonce.d*)

.rel.ctors
 *(.rel.ctors)

.rela.ctors
 *(.rela.ctors)

.rel.dtors
 *(.rel.dtors)

.rela.dtors
 *(.rela.dtors)

.rel.got
 *(.rel.got)

.rela.got
 *(.rela.got)

.rel.bss
 *(.rel.bss)

.rela.bss
 *(.rela.bss)

.rel.plt
 *(.rel.plt)

.rela.plt
 *(.rela.plt)

.text           0x00000000      0xd76
 *(.vectors)
 .vectors       0x00000000       0x54 c:/users/lenovo/downloads/compressed/imt_arm_course/imt_arm_course/02- tools/03- imt sdk/imt_sdk_win_64/imt_sdk_win_64/winavr/bin/../lib/gcc/avr/4.3.3/../../../../avr/lib/avr5/crtm32.o
                0x00000000                __vectors
                0x00000000                __vector_default
 *(.vectors)
 *(.progmem.gcc*)
 *(.progmem*)
                0x00000054                . = ALIGN (0x2)
                0x00000054                __trampolines_start = .
 *(.trampolines)
 .trampolines   0x00000054        0x0 linker stubs
 *(.trampolines*)
                0x00000054                __trampolines_end = .
 *(.jumptables)
 *(.jumptables*)
 *(.lowtext)
 *(.lowtext*)
                0x00000054                __ctors_start = .
 *(.ctors)
                0x00000054                __ctors_end = .
                0x00000054                __dtors_start = .
 *(.dtors)
                0x00000054                __dtors_end = .
 SORT(*)(.ctors)
 SORT(*)(.dtors)
 *(.init0)
 .init0         0x00000054        0x0 c:/users/lenovo/downloads/compressed/imt_arm_course/imt_arm_course/02- tools/03- imt sdk/imt_sdk_win_64/imt_sdk_win_64/winavr/bin/../lib/gcc/avr/4.3.3/../../../../avr/lib/avr5/crtm32.o
                0x00000054                __init
 *(.init0)
 *(.init1)
 *(.init1)
 *(.init2)
 .init2         0x00000054        0xc c:/users/lenovo/downloads/compressed/imt_arm_course/imt_arm_course/02- tools/03- imt sdk/imt_sdk_win_64/imt_sdk_win_64/winavr/bin/../lib/gcc/avr/4.3.3/../../../../avr/lib/avr5/crtm32.o
 *(.init2)
 *(.init3)
 *(.init3)
 *(.init4)
 .init4         0x00000060       0x10 c:/users/lenovo/downloads/compressed/imt_arm_course/imt_arm_course/02- tools/03- imt sdk/imt_sdk_win_64/imt_sdk_win_64/winavr/bin/../lib/gcc/avr/4.3.3/avr5\libgcc.a(_clear_bss.o)
                0x00000060                __do_clear_bss
 *(.init4)
 *(.init5)
 *(.init5)
 *(.init6)
 *(.init6)
 *(.init7)
 *(.init7)
 *(.init8)
 *(.init8)
 *(.init9)
 .init9         0x00000070        0x8 c:/users/lenovo/downloads/compressed/imt_arm_course/imt_arm_course/02- tools/03- imt sdk/imt_sdk_win_64/imt_sdk_win_64/winavr/bin/../lib/gcc/avr/4.3.3/../../../../avr/lib/avr5/crtm32.o
 *(.init9)
 *(.text)
 .text          0x00000078        0x4 c:/users/lenovo/downloads/compressed/imt_arm_course/imt_arm_course/02- tools/03- imt sdk/imt_sdk_win_64/imt_sdk_win_64/winavr/bin/../lib/gcc/avr/4.3.3/../../../../avr/lib/avr5/crtm32.o
                0x00000078                __vector_1
                0x00000078                __vector_12
                0x00000078                __bad_interrupt
                0x00000078                __vector_6
                0x00000078                __vector_3
                0x00000078                __vector_13
                0x00000078                __vector_17
                0x00000078                __vector_19
                0x00000078                __vector_7
                0x00000078                __vector_5
                0x00000078                __vector_4
                0x00000078                __vector_9
                0x00000078                __vector_2
                0x00000078                __vector_15
                0x00000078                __vector_8
                0x00000078                __vector_14
                0x00000078                __vector_16
                0x00000078                __vector_18
                0x00000078                __vector_20
 .text          0x0000007c        0x0 ./src/DIO_program.o
 .text          0x0000007c        0x0 ./src/GI_program.o
 .text          0x0000007c        0x0 ./src/LED_program.o
 .text          0x0000007c        0x0 ./src/RTO_Program.o
 .text          0x0000007c        0x0 ./src/TIMER0_program.o
 .text          0x0000007c        0x0 ./src/app.o
 .text          0x0000007c        0x0 c:/users/lenovo/downloads/compressed/imt_arm_course/imt_arm_course/02- tools/03- imt sdk/imt_sdk_win_64/imt_sdk_win_64/winavr/bin/../lib/gcc/avr/4.3.3/avr5\libgcc.a(_exit.o)
 .text          0x0000007c        0x0 c:/users/lenovo/downloads/compressed/imt_arm_course/imt_arm_course/02- tools/03- imt sdk/imt_sdk_win_64/imt_sdk_win_64/winavr/bin/../lib/gcc/avr/4.3.3/avr5\libgcc.a(_clear_bss.o)
                0x0000007c                . = ALIGN (0x2)
 *(.text.*)
 .text.MDIO_voidInit
                0x0000007c       0x46 ./src/DIO_program.o
                0x0000007c                MDIO_voidInit
 .text.MDIO_voidSetPinDirection
                0x000000c2      0x22e ./src/DIO_program.o
                0x000000c2                MDIO_voidSetPinDirection
 .text.MDIO_voidSetPinValue
                0x000002f0      0x22c ./src/DIO_program.o
                0x000002f0                MDIO_voidSetPinValue
 .text.MDIO_voidSetPortDirection
                0x0000051c       0x82 ./src/DIO_program.o
                0x0000051c                MDIO_voidSetPortDirection
 .text.MDIO_voidSetPortValue
                0x0000059e       0x82 ./src/DIO_program.o
                0x0000059e                MDIO_voidSetPortValue
 .text.MDIO_u8GetPinValue
                0x00000620       0xf6 ./src/DIO_program.o
                0x00000620                MDIO_u8GetPinValue
 .text.MDIO_voidTogglePinValue
                0x00000716       0xfa ./src/DIO_program.o
                0x00000716                MDIO_voidTogglePinValue
 .text.MGI_voidEnable
                0x00000810       0x1c ./src/GI_program.o
                0x00000810                MGI_voidEnable
 .text.MGI_voidDisable
                0x0000082c       0x1c ./src/GI_program.o
                0x0000082c                MGI_voidDisable
 .text.HLED_voidTurnOn
                0x00000848       0x22 ./src/LED_program.o
                0x00000848                HLED_voidTurnOn
 .text.HLED_voidTurnOff
                0x0000086a       0x22 ./src/LED_program.o
                0x0000086a                HLED_voidTurnOff
 .text.HLED_voidSetLedStatus
                0x0000088c       0x28 ./src/LED_program.o
                0x0000088c                HLED_voidSetLedStatus
 .text.HLED_voidToggleLed
                0x000008b4       0x20 ./src/LED_program.o
                0x000008b4                HLED_voidToggleLed
 .text.RTO_voidInit
                0x000008d4       0x1a ./src/RTO_Program.o
                0x000008d4                RTO_voidInit
 .text.RTO_voidInitArrayFunctions
                0x000008ee       0x42 ./src/RTO_Program.o
                0x000008ee                RTO_voidInitArrayFunctions
 .text.RTO_voidCreateTask
                0x00000930       0xaa ./src/RTO_Program.o
                0x00000930                RTO_voidCreateTask
 .text.RTO_voidScheduler
                0x000009da      0x10e ./src/RTO_Program.o
                0x000009da                RTO_voidScheduler
 .text.MTIMER0_voidInit
                0x00000ae8       0x6a ./src/TIMER0_program.o
                0x00000ae8                MTIMER0_voidInit
 .text.MTIMER0_voidStopTimer
                0x00000b52       0x1c ./src/TIMER0_program.o
                0x00000b52                MTIMER0_voidStopTimer
 .text.MTIMER0_voidSetPreloadValue
                0x00000b6e       0x1c ./src/TIMER0_program.o
                0x00000b6e                MTIMER0_voidSetPreloadValue
 .text.MTIMER0_voidsetCallBackOVF
                0x00000b8a       0x2c ./src/TIMER0_program.o
                0x00000b8a                MTIMER0_voidsetCallBackOVF
 .text.MTIMER0_voidsetCallBackCTC
                0x00000bb6       0x2c ./src/TIMER0_program.o
                0x00000bb6                MTIMER0_voidsetCallBackCTC
 .text.MTIMER0_voidSetOCR0Value
                0x00000be2       0x1c ./src/TIMER0_program.o
                0x00000be2                MTIMER0_voidSetOCR0Value
 .text.__vector_11
                0x00000bfe       0x66 ./src/TIMER0_program.o
                0x00000bfe                __vector_11
 .text.__vector_10
                0x00000c64       0x7c ./src/TIMER0_program.o
                0x00000c64                __vector_10
 .text.main     0x00000ce0       0x50 ./src/app.o
                0x00000ce0                main
 .text.AppTask1
                0x00000d30       0x16 ./src/app.o
                0x00000d30                AppTask1
 .text.AppTask2
                0x00000d46       0x16 ./src/app.o
                0x00000d46                AppTask2
 .text.AppTask3
                0x00000d5c       0x16 ./src/app.o
                0x00000d5c                AppTask3
 .text.libgcc   0x00000d72        0x0 c:/users/lenovo/downloads/compressed/imt_arm_course/imt_arm_course/02- tools/03- imt sdk/imt_sdk_win_64/imt_sdk_win_64/winavr/bin/../lib/gcc/avr/4.3.3/avr5\libgcc.a(_exit.o)
 .text.libgcc   0x00000d72        0x0 c:/users/lenovo/downloads/compressed/imt_arm_course/imt_arm_course/02- tools/03- imt sdk/imt_sdk_win_64/imt_sdk_win_64/winavr/bin/../lib/gcc/avr/4.3.3/avr5\libgcc.a(_clear_bss.o)
                0x00000d72                . = ALIGN (0x2)
 *(.fini9)
 .fini9         0x00000d72        0x0 c:/users/lenovo/downloads/compressed/imt_arm_course/imt_arm_course/02- tools/03- imt sdk/imt_sdk_win_64/imt_sdk_win_64/winavr/bin/../lib/gcc/avr/4.3.3/avr5\libgcc.a(_exit.o)
                0x00000d72                exit
                0x00000d72                _exit
 *(.fini9)
 *(.fini8)
 *(.fini8)
 *(.fini7)
 *(.fini7)
 *(.fini6)
 *(.fini6)
 *(.fini5)
 *(.fini5)
 *(.fini4)
 *(.fini4)
 *(.fini3)
 *(.fini3)
 *(.fini2)
 *(.fini2)
 *(.fini1)
 *(.fini1)
 *(.fini0)
 .fini0         0x00000d72        0x4 c:/users/lenovo/downloads/compressed/imt_arm_course/imt_arm_course/02- tools/03- imt sdk/imt_sdk_win_64/imt_sdk_win_64/winavr/bin/../lib/gcc/avr/4.3.3/avr5\libgcc.a(_exit.o)
 *(.fini0)
                0x00000d76                _etext = .

.data           0x00800060        0x0 load address 0x00000d76
                0x00800060                PROVIDE (__data_start, .)
 *(.data)
 .data          0x00800060        0x0 c:/users/lenovo/downloads/compressed/imt_arm_course/imt_arm_course/02- tools/03- imt sdk/imt_sdk_win_64/imt_sdk_win_64/winavr/bin/../lib/gcc/avr/4.3.3/../../../../avr/lib/avr5/crtm32.o
 .data          0x00800060        0x0 ./src/DIO_program.o
 .data          0x00800060        0x0 ./src/GI_program.o
 .data          0x00800060        0x0 ./src/LED_program.o
 .data          0x00800060        0x0 ./src/RTO_Program.o
 .data          0x00800060        0x0 ./src/TIMER0_program.o
 .data          0x00800060        0x0 ./src/app.o
 .data          0x00800060        0x0 c:/users/lenovo/downloads/compressed/imt_arm_course/imt_arm_course/02- tools/03- imt sdk/imt_sdk_win_64/imt_sdk_win_64/winavr/bin/../lib/gcc/avr/4.3.3/avr5\libgcc.a(_exit.o)
 .data          0x00800060        0x0 c:/users/lenovo/downloads/compressed/imt_arm_course/imt_arm_course/02- tools/03- imt sdk/imt_sdk_win_64/imt_sdk_win_64/winavr/bin/../lib/gcc/avr/4.3.3/avr5\libgcc.a(_clear_bss.o)
 *(.data*)
 *(.rodata)
 *(.rodata*)
 *(.gnu.linkonce.d*)
                0x00800060                . = ALIGN (0x2)
                0x00800060                _edata = .
                0x00800060                PROVIDE (__data_end, .)

.bss            0x00800060       0x17
                0x00800060                PROVIDE (__bss_start, .)
 *(.bss)
 .bss           0x00800060        0x0 c:/users/lenovo/downloads/compressed/imt_arm_course/imt_arm_course/02- tools/03- imt sdk/imt_sdk_win_64/imt_sdk_win_64/winavr/bin/../lib/gcc/avr/4.3.3/../../../../avr/lib/avr5/crtm32.o
 .bss           0x00800060        0x0 ./src/DIO_program.o
 .bss           0x00800060        0x0 ./src/GI_program.o
 .bss           0x00800060        0x0 ./src/LED_program.o
 .bss           0x00800060        0x0 ./src/RTO_Program.o
 .bss           0x00800060        0x0 ./src/TIMER0_program.o
 .bss           0x00800060        0x0 ./src/app.o
 .bss           0x00800060        0x0 c:/users/lenovo/downloads/compressed/imt_arm_course/imt_arm_course/02- tools/03- imt sdk/imt_sdk_win_64/imt_sdk_win_64/winavr/bin/../lib/gcc/avr/4.3.3/avr5\libgcc.a(_exit.o)
 .bss           0x00800060        0x0 c:/users/lenovo/downloads/compressed/imt_arm_course/imt_arm_course/02- tools/03- imt sdk/imt_sdk_win_64/imt_sdk_win_64/winavr/bin/../lib/gcc/avr/4.3.3/avr5\libgcc.a(_clear_bss.o)
 *(.bss*)
 .bss.TIMER0_OVF_CallBack
                0x00800060        0x2 ./src/TIMER0_program.o
                0x00800060                TIMER0_OVF_CallBack
 .bss.TIMER0_CTC_CallBack
                0x00800062        0x2 ./src/TIMER0_program.o
                0x00800062                TIMER0_CTC_CallBack
 .bss.local_u8Counter.1275
                0x00800064        0x1 ./src/TIMER0_program.o
 *(COMMON)
 COMMON         0x00800065       0x12 ./src/RTO_Program.o
                0x00800065                RTO_AstrTasks
                0x00800077                PROVIDE (__bss_end, .)
                0x00000d76                __data_load_start = LOADADDR (.data)
                0x00000d76                __data_load_end = (__data_load_start + SIZEOF (.data))

.noinit         0x00800077        0x0
                0x00800077                PROVIDE (__noinit_start, .)
 *(.noinit*)
                0x00800077                PROVIDE (__noinit_end, .)
                0x00800077                _end = .
                0x00800077                PROVIDE (__heap_start, .)

.eeprom         0x00810000        0x0
 *(.eeprom*)
                0x00810000                __eeprom_end = .

.fuse
 *(.fuse)
 *(.lfuse)
 *(.hfuse)
 *(.efuse)

.lock
 *(.lock*)

.signature
 *(.signature*)

.stab           0x00000000     0x13b0
 *(.stab)
 .stab          0x00000000      0x5d0 ./src/DIO_program.o
 .stab          0x000005d0      0x1bc ./src/GI_program.o
                                0x1c8 (size before relaxing)
 .stab          0x0000078c      0x210 ./src/LED_program.o
                                0x294 (size before relaxing)
 .stab          0x0000099c      0x498 ./src/RTO_Program.o
                                0x51c (size before relaxing)
 .stab          0x00000e34      0x378 ./src/TIMER0_program.o
                                0x3fc (size before relaxing)
 .stab          0x000011ac      0x204 ./src/app.o
                                0x414 (size before relaxing)

.stabstr        0x00000000      0xd86
 *(.stabstr)
 .stabstr       0x00000000      0xd86 ./src/DIO_program.o

.stab.excl
 *(.stab.excl)

.stab.exclstr
 *(.stab.exclstr)

.stab.index
 *(.stab.index)

.stab.indexstr
 *(.stab.indexstr)

.comment
 *(.comment)

.debug
 *(.debug)

.line
 *(.line)

.debug_srcinfo
 *(.debug_srcinfo)

.debug_sfnames
 *(.debug_sfnames)

.debug_aranges
 *(.debug_aranges)

.debug_pubnames
 *(.debug_pubnames)

.debug_info
 *(.debug_info)
 *(.gnu.linkonce.wi.*)

.debug_abbrev
 *(.debug_abbrev)

.debug_line
 *(.debug_line)

.debug_frame
 *(.debug_frame)

.debug_str
 *(.debug_str)

.debug_loc
 *(.debug_loc)

.debug_macinfo
 *(.debug_macinfo)
OUTPUT(RTO_Friday.elf elf32-avr)
LOAD linker stubs
